// Jest Snapshot v1, https://goo.gl/fbAQLP

exports[`CharizardComponent debe de hacer match con el snapshot 1`] = `
"<h1>Pok√©mon</h1><div><h2>Loading...</h2></div><!--bindings={
  \\"ng-reflect-ng-if-else\\": \\"[object Object]\\"
}--><!--container-->"
`;
